[36mvite v7.3.1 [32mbuilding client environment for production...[36m[39m
transforming...
[32mΓ£ô[39m 1793 modules transformed.
rendering chunks...
computing gzip size...
[2mdist/[22m[32mindex.html                 [39m[1m[2m  0.65 kB[22m[1m[22m[2m Γöé gzip:  0.36 kB[22m
[2mdist/[22m[35massets/index-meShR7Ne.css  [39m[1m[2m 43.54 kB[22m[1m[22m[2m Γöé gzip:  7.72 kB[22m
[2mdist/[22m[36massets/index-DjZoo-D5.js   [39m[1m[2m239.08 kB[22m[1m[22m[2m Γöé gzip: 77.12 kB[22m
[32mΓ£ô built in 4.55s[39m
